// Vitest Snapshot v1, https://vitest.dev/guide/snapshot.html

exports[`Webpack 5 > testcases/webpack5 1`] = `{}`;

exports[`Webpack 5 > testcases/webpack5 2`] = `
[
  {
    "code": "function m1() {
  console.log("m1");
}

/***/
export default /* binding */ m1;
",
    "id": "./src/1.js",
    "isEntry": false,
  },
  {
    "code": "class A {
  constructor() {
    this.label = "a";
  }

  print() {
    console.log("a", this.version);
  }
}

class A_A {
  constructor() {
    this.label = "a_a";
  }
}

/***/
export { /* binding */ A };
export { /* binding */ A_A };
",
    "id": "./src/a.js",
    "isEntry": false,
  },
  {
    "code": "const version = "1.0.0";

/* harmony default export */ function __WEBPACK_DEFAULT_EXPORT__() {
  console.log("b", version);
}

/***/
export default /* export default binding */ __WEBPACK_DEFAULT_EXPORT__;
export { /* binding */ version };
",
    "id": "./src/b.js",
    "isEntry": false,
  },
  {
    "code": "/* harmony import */ var _b_js__WEBPACK_IMPORTED_MODULE_0__ = require(/*! ./b.js */ "./src/b.js");

const getC = async () => {
  console.log("c.a", _b_js__WEBPACK_IMPORTED_MODULE_0__.version);
  const result = await fetch("https://jsonplaceholder.typicode.com/todos/1");
  const json = await result.json();
  return json;
};

/***/
export { /* binding */ getC };
",
    "id": "./src/c.js",
    "isEntry": false,
  },
  {
    "code": "/* harmony import */ var _a_js__WEBPACK_IMPORTED_MODULE_0__ = require(/*! ./a.js */ "./src/a.js");
// re-export

/***/
export const A = /* reexport safe */ _a_js__WEBPACK_IMPORTED_MODULE_0__.A;
export const A_A = /* reexport safe */ _a_js__WEBPACK_IMPORTED_MODULE_0__.A_A;
",
    "id": "./src/d.js",
    "isEntry": false,
  },
  {
    "code": "/* harmony import */ var _a_js__WEBPACK_IMPORTED_MODULE_0__ = require(/*! ./a.js */ "./src/a.js");

// partial re-export

/***/
export const A = /* reexport safe */ _a_js__WEBPACK_IMPORTED_MODULE_0__.A;
",
    "id": "./src/e.js",
    "isEntry": false,
  },
  {
    "code": "/*!**********************!*\\
  !*** ./src/index.js ***!
  \\**********************/
__webpack_require__.r(__webpack_exports__);
/* harmony import */ var _1_js__WEBPACK_IMPORTED_MODULE_0__ =
  __webpack_require__(/*! ./1.js */ "./src/1.js");
/* harmony import */ var _a_js__WEBPACK_IMPORTED_MODULE_1__ =
  __webpack_require__(/*! ./a.js */ "./src/a.js");
/* harmony import */ var _b_js__WEBPACK_IMPORTED_MODULE_2__ =
  __webpack_require__(/*! ./b.js */ "./src/b.js");
/* harmony import */ var _c_js__WEBPACK_IMPORTED_MODULE_3__ =
  __webpack_require__(/*! ./c.js */ "./src/c.js");
/* harmony import */ var _d_js__WEBPACK_IMPORTED_MODULE_4__ =
  __webpack_require__(/*! ./d.js */ "./src/d.js");
/* harmony import */ var _e_js__WEBPACK_IMPORTED_MODULE_5__ =
  __webpack_require__(/*! ./e.js */ "./src/e.js");

const d = new _d_js__WEBPACK_IMPORTED_MODULE_4__.A();
const e = new _e_js__WEBPACK_IMPORTED_MODULE_5__.A();

console.log(
  _b_js__WEBPACK_IMPORTED_MODULE_2__.version,
  _a_js__WEBPACK_IMPORTED_MODULE_1__.A,
  d,
  e
);
(0, _b_js__WEBPACK_IMPORTED_MODULE_2__["default"])();
(0, _c_js__WEBPACK_IMPORTED_MODULE_3__.getC)().then(console.log);

// const M1 = await import('./1.js')
(0, _1_js__WEBPACK_IMPORTED_MODULE_0__["default"])();
",
    "id": "entry.js",
    "isEntry": true,
  },
]
`;
